<html>
<body>
<pre>
<h1>礦ision Build Log</h1>
<h2>Tool Versions:</h2>
IDE-Version: μVision V5.20.0.0
Copyright (C) 2016 ARM Ltd and ARM Germany GmbH. All rights reserved.
License Information: J j, Jj, LIC=----
 
Tool Versions:
Toolchain:       MDK-Lite  Version: 5.20
Toolchain Path:  D:\keil\ARM\ARMCC\Bin
C Compiler:      Armcc.exe V5.06 update 2 (build 183)
Assembler:       Armasm.exe V5.06 update 2 (build 183)
Linker/Locator:  ArmLink.exe V5.06 update 2 (build 183)
Library Manager: ArmAr.exe V5.06 update 2 (build 183)
Hex Converter:   FromElf.exe V5.06 update 2 (build 183)
CPU DLL:         SARMCM3.DLL V5.20
Dialog DLL:      DARMCM1.DLL V1.14.0.0
Target DLL:      Segger\JL2CM3.dll V2.99.20.0
Dialog DLL:      TARMCM1.DLL V1.10.0.0
 
<h2>Project:</h2>
C:\Users\jiangjun\Desktop\单片机实验\期末项目OLED\qimo\out\qimo.uvprojx
Project File Date:  06/01/2017

<h2>Output:</h2>
*** Using Compiler 'V5.06 update 2 (build 183)', folder: 'D:\keil\ARM\ARMCC\Bin'
Rebuild target 'qimo'
compiling UART.c...
..\src\UART.h(4): warning:  #1-D: last line of file ends without a newline
  void UART_SendStr(char *pucStr);
..\src\UART.c(37): warning:  #1-D: last line of file ends without a newline
  }
..\src\UART.c: 2 warnings, 0 errors
compiling main.c...
..\src\UART.h(4): warning:  #1-D: last line of file ends without a newline
  void UART_SendStr(char *pucStr);
..\src\OLED.h(85): warning:  #1-D: last line of file ends without a newline
  #endif  
..\src\KEY.h(2): warning:  #1295-D: Deprecated declaration Keyinit - give arg types
  void Keyinit();
..\src\KEY.h(3): warning:  #1-D: last line of file ends without a newline
  void PIOINT3_IRQHandler();
..\src\KEY.h(3): warning:  #1295-D: Deprecated declaration PIOINT3_IRQHandler - give arg types
  void PIOINT3_IRQHandler();
..\src\Delay.h(3): warning:  #1-D: last line of file ends without a newline
  void delay_ms(int ms); 
..\src\main.c(93): warning:  #1-D: last line of file ends without a newline
  }
..\src\main.c(15): warning:  #177-D: variable "i" was declared but never referenced
  	uint32_t i;
..\src\main.c: 8 warnings, 0 errors
compiling ADC.c...
compiling OLED.c...
..\src\OLED.h(85): warning:  #1-D: last line of file ends without a newline
  #endif  
..\src\OLEDFONT.h(233): warning:  #1-D: last line of file ends without a newline
  #endif
..\src\delay.h(3): warning:  #1-D: last line of file ends without a newline
  void delay_ms(int ms); 
..\src\OLED.c(278): warning:  #1-D: last line of file ends without a newline
  }  
..\src\OLED.c: 4 warnings, 0 errors
compiling Delay.c...
..\src\Delay.h(3): warning:  #1-D: last line of file ends without a newline
  void delay_ms(int ms); 
..\src\Delay.c(25): warning:  #1-D: last line of file ends without a newline
  }
..\src\Delay.c: 2 warnings, 0 errors
compiling KEY.c...
..\src\KEY.h(2): warning:  #1295-D: Deprecated declaration Keyinit - give arg types
  void Keyinit();
..\src\KEY.h(3): warning:  #1-D: last line of file ends without a newline
  void PIOINT3_IRQHandler();
..\src\KEY.h(3): warning:  #1295-D: Deprecated declaration PIOINT3_IRQHandler - give arg types
  void PIOINT3_IRQHandler();
..\src\oled.h(85): warning:  #1-D: last line of file ends without a newline
  #endif  
..\src\KEY.c: 4 warnings, 0 errors
assembling startup_LPC11xx.s...
compiling system_LPC11xx.c...
linking...
Program Size: Code=7916 RO-data=2536 RW-data=524 ZI-data=628  
".\Objects\qimo.axf" - 0 Error(s), 20 Warning(s).

<h2>Software Packages used:</h2>

Package Vendor: ARM
                http://www.keil.com/pack/ARM.CMSIS.5.0.0-Beta12.pack
                ARM::CMSIS:CORE:5.0.0
                CMSIS (Cortex Microcontroller Software Interface Standard)
   * Component: CORE Version: 5.0.0

Package Vendor: Keil
                http://www.keil.com/pack/Keil.LPC1100_DFP.1.4.0.pack
                Keil::Device:Startup:1.0.0
                NXP LPC1100 Series Device Support
   * Component: Startup Version: 1.0.0

<h2>Collection of Component include folders:</h2>
  C:\Users\jiangjun\Desktop\单片机实验\期末项目OLED\qimo\out\RTE
  D:\keil\ARM\PACK\ARM\CMSIS\5.0.0-Beta12\CMSIS\Include
  D:\keil\ARM\PACK\Keil\LPC1100_DFP\1.4.0\Device\Include\LPC11xx

<h2>Collection of Component Files used:</h2>

   * Component: ARM::CMSIS:CORE:5.0.0

   * Component: Keil::Device:Startup:1.0.0
      Source file:   Device\Source\ARM\startup_LPC11xx.s
      Source file:   Device\Source\system_LPC11xx.c
Build Time Elapsed:  00:00:23
</pre>
</body>
</html>
